[21:55:36] 断点续跑：已登录 xiaocai.sim@example.com，下一仿真日 = 3
[21:55:36] ══ 仿真日 3/30（2026-07-03 周五）开始 ══
[21:55:52] ANOMALY [grading] 菜鸟句拿 A: 'In a nutshell, this phone is cheaper and faster than my old one.' target=in a nutshell
[21:56:00] ── 仿真日 3 完成（24.6s） 分数 V/R/W=64/64/64 overall=64 等级=B2 连胜=2 阶段分布={'Recognized': 23}
[21:56:00] ══ 仿真日 4/30（2026-07-04 周六）开始 ══
[21:56:05] ANOMALY [grading] 菜鸟句拿 A: 'It was raining. Nevertheless, we went out to buy food.' target=nevertheless
[21:56:05] ANOMALY [grading] 菜鸟句四维满分: 'It was raining. Nevertheless, we went out to buy food.'
[21:56:08] ANOMALY [grading] 菜鸟句拿 A: 'Let’s hold off on booking till Friday.' target=hold off
[21:56:08] ANOMALY [grading] 菜鸟句四维满分: 'Let’s hold off on booking till Friday.'
[21:56:13] ANOMALY [grading] 菜鸟句拿 A: 'She studied hard every day; thus, she passed the exam.' target=thus
[21:56:48] ── 仿真日 4 完成（47.5s） 分数 V/R/W=64/64/64 overall=64 等级=B2 连胜=3 阶段分布={'Recognized': 31}
[21:56:48] ══ 仿真日 5/30（2026-07-05 周日）开始 ══
[21:56:54] ANOMALY [grading] 菜鸟句拿 A: 'My phone battery died — on top of that, I lost my charger.' target=on top of that
[21:56:54] ANOMALY [grading] 菜鸟句四维满分: 'My phone battery died — on top of that, I lost my charger.'
[21:57:00] ANOMALY [grading] 菜鸟句拿 A: 'It’s cheaper in the long run to buy good shoes than cheap ones.' target=in the long run
[21:57:00] ANOMALY [grading] 菜鸟句四维满分: 'It’s cheaper in the long run to buy good shoes than cheap ones.'
[21:57:48] ── 仿真日 5 完成（60.0s） 分数 V/R/W=64/64/64 overall=64 等级=B2 连胜=4 阶段分布={'Recognized': 39}
[21:57:48] ══ 仿真日 6/30（2026-07-06 周一）开始 ══
[21:57:57] ANOMALY [grading] 菜鸟句拿 A: 'It’s healthy. Moreover, it’s super cheap.' target=moreover
[21:58:01] ANOMALY [grading] 菜鸟句拿 A: 'The plan is risky. Furthermore, it’s expensive.' target=furthermore
[21:58:22] ── 仿真日 6 完成（33.8s） 分数 V/R/W=64/64/64 overall=64 等级=B2 连胜=5 阶段分布={'Recognized': 47}
[21:58:22] ══ 仿真日 7/30（2026-07-07 周二）开始 ══
[21:58:27] ANOMALY [grading] 菜鸟句拿 A: 'Needless to say, safety comes first when we cross the road.' target=needless to say
[21:58:31] ANOMALY [grading] 菜鸟句拿 A: 'On the whole, it was a good day.' target=on the whole
[21:58:31] ANOMALY [grading] 菜鸟句四维满分: 'On the whole, it was a good day.'
[21:58:52]   挑战: passed=False total=43.3
[21:58:54] ── 仿真日 7 完成（32.2s） 分数 V/R/W=64/64/64 overall=64 等级=B2 连胜=6 阶段分布={'Recognized': 55}
[21:58:54] ══ 仿真日 8/30（2026-07-08 周三）开始 ══
[21:58:54]   无有效计划，清理 planner 幂等键并触发新计划
[21:59:39] ── 仿真日 8 完成（44.9s） 分数 V/R/W=64/64/64 overall=64 等级=B2 连胜=7 阶段分布={'Recognized': 65}
[21:59:39] ══ 仿真日 9/30（2026-07-09 周四）开始 ══
[22:00:27] ── 仿真日 9 完成（48.3s） 分数 V/R/W=64/64/64 overall=64 等级=B2 连胜=8 阶段分布={'Recognized': 73}
[22:00:27] ══ 仿真日 10/30（2026-07-10 周五）开始 ══
[22:01:10]   瓶颈筛查未触发
[22:01:12] ── 仿真日 10 完成（45.0s） 分数 V/R/W=64/64/64 overall=64 等级=B2 连胜=9 阶段分布={'Recognized': 76}
[22:01:12] ══ 仿真日 11/30（2026-07-11 周六）开始 ══
[22:01:20] ANOMALY [grading] 菜鸟句拿 A: 'Brushing teeth every morning is a good habit for me.' target=habit
[22:01:33] ── 仿真日 11 完成（21.2s） 分数 V/R/W=64/64/64 overall=64 等级=B2 连胜=10 阶段分布={'Recalled': 3, 'Recognized': 73}
[22:01:33] ══ 仿真日 12/30（2026-07-12 周日）开始 ══
[22:02:18] ── 仿真日 12 完成（45.0s） 分数 V/R/W=64/64/64 overall=64 等级=B2 连胜=11 阶段分布={'Recalled': 6, 'Recognized': 70}
[22:02:18] ══ 仿真日 13/30（2026-07-13 周一）开始 ══
[22:02:18]   小菜今天没打开 App（跳过例行）
[22:02:20] ── 仿真日 13 完成（2.1s） 分数 V/R/W=64/64/64 overall=64 等级=B2 连胜=11 阶段分布={'Recalled': 6, 'Recognized': 70}
[22:02:20] ══ 仿真日 14/30（2026-07-14 周二）开始 ══
[22:02:25] ANOMALY [grading] 菜鸟句拿 A: 'The new feature saves time for the whole team.' target=feature
[22:03:02]   挑战: passed=False total=50
[22:03:04] ── 仿真日 14 完成（43.4s） 分数 V/R/W=64/64/64 overall=64 等级=B2 连胜=1 阶段分布={'Recalled': 11, 'Recognized': 65}
[22:03:04] ══ 仿真日 15/30（2026-07-15 周三）开始 ══
[22:03:04]   无有效计划，清理 planner 幂等键并触发新计划
[22:03:32] ── 仿真日 15 完成（28.4s） 分数 V/R/W=64/64/64 overall=64 等级=B2 连胜=2 阶段分布={'Recalled': 11, 'Recognized': 73}
[22:03:32] ══ 仿真日 16/30（2026-07-16 周四）开始 ══
[22:04:17] ── 仿真日 16 完成（45.0s） 分数 V/R/W=64/64/64 overall=64 等级=B2 连胜=3 阶段分布={'Recalled': 11, 'Recognized': 81}
[22:04:17] ══ 仿真日 17/30（2026-07-17 周五）开始 ══
[22:04:28] ANOMALY [grading] 菜鸟句拿 A: 'She plans to go freelance after her contract ends next month.' target=go freelance
[22:04:28] ANOMALY [grading] 菜鸟句四维满分: 'She plans to go freelance after her contract ends next month.'
[22:04:40]   瓶颈筛查未触发
[22:04:42] ── 仿真日 17 完成（25.1s） 分数 V/R/W=64/64/64 overall=64 等级=B2 连胜=4 阶段分布={'Recalled': 11, 'Recognized': 89}
[22:04:42] ══ 仿真日 18/30（2026-07-18 周六）开始 ══
[22:05:08] ── 仿真日 18 完成（26.0s） 分数 V/R/W=64/64/64 overall=64 等级=B2 连胜=5 阶段分布={'Recalled': 11, 'Recognized': 97}
[22:05:08] ══ 仿真日 19/30（2026-07-19 周日）开始 ══
[22:05:19] ANOMALY [grading] 菜鸟句拿 A: 'That job is only temporary, but it’s good experience.' target=temporary
[22:05:19] ANOMALY [grading] 菜鸟句四维满分: 'That job is only temporary, but it’s good experience.'
[22:05:32] ── 仿真日 19 完成（23.6s） 分数 V/R/W=64/64/64 overall=64 等级=B2 连胜=6 阶段分布={'Recalled': 11, 'Recognized': 105}
[22:05:32] ══ 仿真日 20/30（2026-07-20 周一）开始 ══
[22:06:03] ── 仿真日 20 完成（31.6s） 分数 V/R/W=64/64/64 overall=64 等级=B2 连胜=7 阶段分布={'Recalled': 11, 'Recognized': 113}
[22:06:03] ══ 仿真日 21/30（2026-07-21 周二）开始 ══
[22:06:46]   挑战: passed=False total=31.7
[22:06:49] ── 仿真日 21 完成（45.4s） 分数 V/R/W=64/64/64 overall=64 等级=B2 连胜=8 阶段分布={'PromptedUse': 1, 'Recalled': 10, 'Recognized': 121}
[22:06:49] ══ 仿真日 22/30（2026-07-22 周三）开始 ══
[22:06:49]   无有效计划，清理 planner 幂等键并触发新计划
[22:07:26] ── 仿真日 22 完成（37.0s） 分数 V/R/W=64/64/64 overall=64 等级=B2 连胜=9 阶段分布={'PromptedUse': 1, 'Recalled': 10, 'Recognized': 129}
[22:07:26] ══ 仿真日 23/30（2026-07-23 周四）开始 ══
[22:07:26]   小菜今天没打开 App（跳过例行）
[22:07:28] ── 仿真日 23 完成（2.1s） 分数 V/R/W=64/64/64 overall=64 等级=B2 连胜=9 阶段分布={'PromptedUse': 1, 'Recalled': 10, 'Recognized': 129}
[22:07:28] ══ 仿真日 24/30（2026-07-24 周五）开始 ══
[22:07:55]   瓶颈筛查未触发
[22:07:58] ── 仿真日 24 完成（29.8s） 分数 V/R/W=64/64/64 overall=64 等级=B2 连胜=1 阶段分布={'PromptedUse': 1, 'Recalled': 10, 'Recognized': 137}
[22:07:58] ══ 仿真日 25/30（2026-07-25 周六）开始 ══
[22:08:02] ANOMALY [grading] 菜鸟句拿 A: 'Can I exchange this for a bigger size?' target=exchange
[22:08:02] ANOMALY [grading] 菜鸟句四维满分: 'Can I exchange this for a bigger size?'
[22:08:06] ANOMALY [grading] 菜鸟句拿 A: 'Please tap your card on the reader to pay.' target=tap
[22:08:06] ANOMALY [grading] 菜鸟句四维满分: 'Please tap your card on the reader to pay.'
[22:08:10] ANOMALY [grading] 菜鸟句拿 A: 'I like savory snacks more than sweet snacks.' target=savory
[22:08:10] ANOMALY [grading] 菜鸟句四维满分: 'I like savory snacks more than sweet snacks.'
[22:08:21] ── 仿真日 25 完成（23.5s） 分数 V/R/W=64/64/64 overall=64 等级=B2 连胜=2 阶段分布={'PromptedUse': 1, 'Recalled': 10, 'Recognized': 145}
[22:08:21] ══ 仿真日 26/30（2026-07-26 周日）开始 ══
[22:08:34] ANOMALY [grading] 菜鸟句拿 A: 'This hostel is clean and affordable.' target=affordable
[22:08:49] ── 仿真日 26 完成（27.9s） 分数 V/R/W=64/64/64 overall=64 等级=B2 连胜=3 阶段分布={'PromptedUse': 1, 'Recalled': 10, 'Recognized': 153}
[22:08:49] ══ 仿真日 27/30（2026-07-27 周一）开始 ══
[22:09:05] ANOMALY [grading] 菜鸟句拿 A: 'This blanket has a soft texture.' target=texture
[22:09:05] ANOMALY [grading] 菜鸟句四维满分: 'This blanket has a soft texture.'
[22:09:13] ── 仿真日 27 完成（24.3s） 分数 V/R/W=64/64/64 overall=64 等级=B2 连胜=4 阶段分布={'PromptedUse': 1, 'Recalled': 10, 'Recognized': 161}
[22:09:13] ══ 仿真日 28/30（2026-07-28 周二）开始 ══
[22:09:17] ANOMALY [grading] 菜鸟句拿 A: 'I wipe the counter with a damp cloth.' target=damp
[22:09:17] ANOMALY [grading] 菜鸟句四维满分: 'I wipe the counter with a damp cloth.'
[22:09:44]   挑战: passed=True total=85
[22:09:46] ── 仿真日 28 完成（32.7s） 分数 V/R/W=64/64/64 overall=64 等级=B2 连胜=5 阶段分布={'PromptedUse': 1, 'Recalled': 10, 'Recognized': 169}
[22:09:46] ══ 仿真日 29/30（2026-07-29 周三）开始 ══
[22:09:46]   无有效计划，清理 planner 幂等键并触发新计划
[22:10:14] ── 仿真日 29 完成（28.4s） 分数 V/R/W=64/64/64 overall=64 等级=B2 连胜=6 阶段分布={'PromptedUse': 1, 'Recalled': 10, 'Recognized': 177}
[22:10:14] ══ 仿真日 30/30（2026-07-30 周四）开始 ══
[22:10:53] ── 仿真日 30 完成（38.4s） 分数 V/R/W=64/64/64 overall=64 等级=B2 连胜=7 阶段分布={'PromptedUse': 1, 'Recalled': 10, 'Recognized': 185}
[22:10:53] 采集 final-state.json …
[22:10:54] final-state.json 已写入（16953 bytes）
[22:10:54] 本次运行结束，nextDay=30
